02-19 22:04:19.755 W/ContextImpl( 1845): 	at android.app.ActivityThread.main(ActivityThread.java:9287)
02-19 22:04:19.755 W/ContextImpl( 1845): 	at java.lang.reflect.Method.invoke(Native Method)
02-19 22:04:19.755 W/ContextImpl( 1845): 	at com.android.internal.os.RuntimeInit$MethodAndArgsCaller.run(RuntimeInit.java:566)
02-19 22:04:19.755 W/ContextImpl( 1845): 	at com.android.internal.os.ZygoteInit.main(ZygoteInit.java:929)
02-19 22:04:19.760 D/BluetoothKeystoreService( 1691): init isCommonCriteriaMode: false
02-19 22:04:19.761 I/BluetoothKeystoreService( 1691): ComputeDataThread: create, doEncrypt: true
02-19 22:04:19.761 I/BluetoothKeystoreService( 1691): ComputeDataThread: create, doEncrypt: false
02-19 22:04:19.779 I/Telecom (  774): CallsManager: reloadMissedCallsOfUser: userHandle=UserHandle{0}: TS.init@AAA
02-19 22:04:19.779 I/Telecom (  774): MissedCallNotifierImpl: reloadFromDatabase: user=0: TS.init@AAA
02-19 22:04:19.786 V/GraphicsEnvironment( 1845): Currently set values for:
02-19 22:04:19.786 V/GraphicsEnvironment( 1845):   angle_gl_driver_selection_pkgs=[]
02-19 22:04:19.786 V/GraphicsEnvironment( 1845):   angle_gl_driver_selection_values=[]
02-19 22:04:19.786 V/GraphicsEnvironment( 1845): com.google.android.apps.nexuslauncher is not listed in per-application setting
02-19 22:04:19.786 V/GraphicsEnvironment( 1845): ANGLE allowlist from config: com.dreamgames.royalmatch com.dts.freefiremax com.dxx.firenow com.gramgames.mergedragons com.ludo.king com.mojang.minecraftpe com.my.defense com.nintendo.zaka com.os.airforce com.playrix.fishdomdd.gplay io.teslatech.callbreak jp.konami.prospia net.peakgames.toonblast
02-19 22:04:19.786 V/GraphicsEnvironment( 1845): No special selections for ANGLE, returning default driver choice
02-19 22:04:19.787 V/GraphicsEnvironment( 1845): Neither updatable production driver nor prerelease driver is supported.
02-19 22:04:19.791 D/BluetoothKeystoreService( 1691): start
02-19 22:04:19.793 I/BluetoothKeystoreService( 1691): ComputeDataThread: run, doEncrypt: true
02-19 22:04:19.845 I/BluetoothKeystoreService( 1691): ComputeDataThread: run, doEncrypt: false
02-19 22:04:19.845 D/ConnectivityService(  774): NetReassign [no changes] [c 0] [a 0] [i 0]
02-19 22:04:19.849 D/BluetoothKeystoreService( 1691): loadConfigData
02-19 22:04:19.883 W/Looper  (  774): Slow dispatch took 121ms android.fg app=system_server main=false group=FOREGROUND h=android.os.Handler c=<recycled PooledLambda@d485d04> m=0
02-19 22:04:19.907 I/BluetoothKeystoreService( 1691): Interrupted while operating.
02-19 22:04:19.907 I/BluetoothKeystoreService( 1691): ComputeDataThread: Stop, doEncrypt: true
02-19 22:04:19.917 E/ashmem  ( 1766): Pinning is deprecated since Android Q. Please use trim or other methods.
02-19 22:04:19.922 D/SpaEnvironment( 1766): reset
02-19 22:04:19.933 I/BluetoothKeystoreService( 1691): Interrupted while operating.
02-19 22:04:19.933 I/BluetoothKeystoreService( 1691): ComputeDataThread: Stop, doEncrypt: false
02-19 22:04:19.934 I/Telecom (  774): TelecomServiceImpl: resolveHiddenDependenciesTwo' is disabled: TS.init@AAA
02-19 22:04:19.935 I/Telecom (  774): Class: TelecomSystem.INSTANCE being set
02-19 22:04:19.962 D/BluetoothKeystoreService( 1691): getCompareResult: 0
02-19 22:04:19.987 I/Telecom (  774): PhoneAccountRegistrar: getSimCallManager: SimCallManager for subId -1 queried, returning: null: TSI.gSCM(a)@AAI
02-19 22:04:19.995 E/ashmem  ( 1691): Pinning is deprecated since Android Q. Please use trim or other methods.
02-19 22:04:19.997 D/BluetoothAdapterService( 1691): Loading JNI Library
02-19 22:04:19.999 E/Telecom (  774): TelecomPulledAtom: the atom file not found: TSI.gSCM(a)@AAI
02-19 22:04:19.999 E/Telecom (  774): java.nio.file.NoSuchFileException: /data/user_de/0/com.android.server.telecom/files/api_stats
02-19 22:04:19.999 E/Telecom (  774): 	at sun.nio.fs.UnixFileSystemProvider.newByteChannel(UnixFileSystemProvider.java:220)
02-19 22:04:19.999 E/Telecom (  774): 	at java.nio.file.Files.newByteChannel(Files.java:371)
02-19 22:04:19.999 E/Telecom (  774): 	at java.nio.file.Files.newByteChannel(Files.java:422)
02-19 22:04:19.999 E/Telecom (  774): 	at java.nio.file.Files.readAllBytes(Files.java:3214)
02-19 22:04:19.999 E/Telecom (  774): 	at com.android.server.telecom.metrics.TelecomPulledAtom.loadAtomsFromFile(TelecomPulledAtom.java:94)
02-19 22:04:19.999 E/Telecom (  774): 	at com.android.server.telecom.metrics.TelecomPulledAtom.<init>(TelecomPulledAtom.java:58)
02-19 22:04:19.999 E/Telecom (  774): 	at com.android.server.telecom.metrics.ApiStats.<init>(ApiStats.java:177)
02-19 22:04:19.999 E/Telecom (  774): 	at com.android.server.telecom.metrics.TelecomMetricsController.getApiStats(TelecomMetricsController.java:83)
02-19 22:04:19.999 E/Telecom (  774): 	at com.android.server.telecom.TelecomServiceImpl.logEvent(TelecomServiceImpl.java:4030)
02-19 22:04:19.999 E/Telecom (  774): 	at com.android.server.telecom.TelecomServiceImpl.-$$Nest$mlogEvent(TelecomServiceImpl.java:0)
02-19 22:04:19.999 E/Telecom (  774): 	at com.android.server.telecom.TelecomServiceImpl$1.getSimCallManager(TelecomServiceImpl.java:908)
02-19 22:04:19.999 E/Telecom (  774): 	at android.telecom.TelecomManager.getSimCallManager(TelecomManager.java:1337)
02-19 22:04:19.999 E/Telecom (  774): 	at com.android.server.telecom.TelecomLoaderService$TelecomServiceConnection.onServiceConnected(TelecomLoaderService.java:81)
02-19 22:04:19.999 E/Telecom (  774): 	at android.content.ServiceConnection.onServiceConnected(ServiceConnection.java:75)
02-19 22:04:19.999 E/Telecom (  774): 	at android.app.LoadedApk$ServiceDispatcher.doConnected(LoadedApk.java:2334)
02-19 22:04:19.999 E/Telecom (  774): 	at android.app.LoadedApk$ServiceDispatcher$RunConnection.run(LoadedApk.java:2370)
02-19 22:04:19.999 E/Telecom (  774): 	at android.os.Handler.handleCallback(Handler.java:1070)
02-19 22:04:19.999 E/Telecom (  774): 	at android.os.Handler.dispatchMessage(Handler.java:125)
02-19 22:04:19.999 E/Telecom (  774): 	at android.os.Looper.dispatchMessage(Looper.java:333)
02-19 22:04:19.999 E/Telecom (  774): 	at android.os.Looper.loopOnce(Looper.java:263)
02-19 22:04:19.999 E/Telecom (  774): 	at android.os.Looper.loop(Looper.java:367)
02-19 22:04:19.999 E/Telecom (  774): 	at com.android.server.SystemServer.run(SystemServer.java:1081)
02-19 22:04:19.999 E/Telecom (  774): 	at com.android.server.SystemServer.main(SystemServer.java:711)
02-19 22:04:19.999 E/Telecom (  774): 	at java.lang.reflect.Method.invoke(Native Method)
02-19 22:04:19.999 E/Telecom (  774): 	at com.android.internal.os.RuntimeInit$MethodAndArgsCaller.run(RuntimeInit.java:566)
02-19 22:04:19.999 E/Telecom (  774): 	at com.android.internal.os.ZygoteInit.main(ZygoteInit.java:907)
02-19 22:04:20.005 W/ContextImpl( 1845): Failed to ensure /data/user/0/com.google.android.apps.nexuslauncher/files
02-19 22:04:20.005 W/ContextImpl( 1845): android.system.ErrnoException: mkdir failed: ENOENT (No such file or directory)
02-19 22:04:20.005 W/ContextImpl( 1845): 	at libcore.io.Linux.mkdir(Native Method)
02-19 22:04:20.005 W/ContextImpl( 1845): 	at libcore.io.ForwardingOs.mkdir(ForwardingOs.java:502)
02-19 22:04:20.005 W/ContextImpl( 1845): 	at libcore.io.BlockGuardOs.mkdir(BlockGuardOs.java:257)
02-19 22:04:20.005 W/ContextImpl( 1845): 	at libcore.io.ForwardingOs.mkdir(ForwardingOs.java:502)
02-19 22:04:20.005 W/ContextImpl( 1845): 	at android.system.Os.mkdir(Os.java:473)
02-19 22:04:20.005 W/ContextImpl( 1845): 	at android.app.ContextImpl.ensurePrivateDirExists(ContextImpl.java:854)
02-19 22:04:20.005 W/ContextImpl( 1845): 	at android.app.ContextImpl.ensurePrivateDirExists(ContextImpl.java:840)
02-19 22:04:20.005 W/ContextImpl( 1845): 	at android.app.ContextImpl.getFilesDir(ContextImpl.java:888)
02-19 22:04:20.005 W/ContextImpl( 1845): 	at android.content.ContextWrapper.getFilesDir(ContextWrapper.java:288)
02-19 22:04:20.005 W/ContextImpl( 1845): 	at com.android.quickstep.QuickstepProcessInitializer.init(go/retraceme f3a19d912c87c27267cfbc05ba0bc7b202ab72a6648bd76225f5f7e128d94583:40)
02-19 22:04:20.005 W/ContextImpl( 1845): 	at k5.c.init(go/retraceme f3a19d912c87c27267cfbc05ba0bc7b202ab72a6648bd76225f5f7e128d94583:1)
02-19 22:04:20.005 W/ContextImpl( 1845): 	at com.android.launcher3.LauncherApplication.onCreate(go/retraceme f3a19d912c87c27267cfbc05ba0bc7b202ab72a6648bd76225f5f7e128d94583:12)
02-19 22:04:20.005 W/ContextImpl( 1845): 	at android.app.Instrumentation.callApplicationOnCreate(Instrumentation.java:1396)
02-19 22:04:20.005 W/ContextImpl( 1845): 	at android.app.ActivityThread.handleBindApplication(ActivityThread.java:8139)
02-19 22:04:20.005 W/ContextImpl( 1845): 	at android.app.ActivityThread.-$$Nest$mhandleBindApplication(Unknown Source:0)
02-19 22:04:20.005 W/ContextImpl( 1845): 	at android.app.ActivityThread$H.handleMessage(ActivityThread.java:2690)
02-19 22:04:20.005 W/ContextImpl( 1845): 	at android.os.Handler.dispatchMessage(Handler.java:132)
02-19 22:04:20.005 W/ContextImpl( 1845): 	at android.os.Looper.dispatchMessage(Looper.java:333)
02-19 22:04:20.005 W/ContextImpl( 1845): 	at android.os.Looper.loopOnce(Looper.java:263)
02-19 22:04:20.005 W/ContextImpl( 1845): 	at android.os.Looper.loop(Looper.java:367)
02-19 22:04:20.005 W/ContextImpl( 1845): 	at android.app.ActivityThread.main(ActivityThread.java:9287)
02-19 22:04:20.005 W/ContextImpl( 1845): 	at java.lang.reflect.Method.invoke(Native Method)
02-19 22:04:20.005 W/ContextImpl( 1845): 	at com.android.internal.os.RuntimeInit$MethodAndArgsCaller.run(RuntimeInit.java:566)
02-19 22:04:20.005 W/ContextImpl( 1845): 	at com.android.internal.os.ZygoteInit.main(ZygoteInit.java:929)
02-19 22:04:20.014 W/Looper  (  774): Slow dispatch took 1672ms main app=system_server main=true group=FOREGROUND h=android.app.ActivityThread$H c=android.app.LoadedApk$ServiceDispatcher$RunConnection@58f921e m=0
02-19 22:04:20.015 I/QuickstepProtoLogGroup( 1845): Initializing ProtoLog.
02-19 22:04:20.060 I/CredentialManager(  774): CredentialManagerServiceImpl constructed for: com.google.android.gms/.auth.api.credentials.credman.service.PasswordAndPasskeyService
02-19 22:04:20.061 I/CredentialManager(  774): newServiceInfoLocked, mInfo null, com.google.android.gms/com.google.android.gms.auth.api.credentials.credman.service.PasswordAndPasskeyService
02-19 22:04:20.080 E/CredentialManager(  774): Unable to add serviceInfo : 
02-19 22:04:20.080 E/CredentialManager(  774): android.content.pm.PackageManager$NameNotFoundException: ComponentInfo{com.google.android.gms/com.google.android.gms.auth.api.credentials.credman.service.PasswordAndPasskeyService}
02-19 22:04:20.080 E/CredentialManager(  774): 	at android.service.credentials.CredentialProviderInfoFactory.getServiceInfoOrThrow(CredentialProviderInfoFactory.java:366)
02-19 22:04:20.080 E/CredentialManager(  774): 	at android.service.credentials.CredentialProviderInfoFactory.create(CredentialProviderInfoFactory.java:94)
02-19 22:04:20.080 E/CredentialManager(  774): 	at com.android.server.credentials.CredentialManagerServiceImpl.newServiceInfoLocked(CredentialManagerServiceImpl.java:101)
02-19 22:04:20.080 E/CredentialManager(  774): 	at com.android.server.credentials.CredentialManagerServiceImpl.<init>(CredentialManagerServiceImpl.java:60)
02-19 22:04:20.080 E/CredentialManager(  774): 	at com.android.server.credentials.CredentialManagerService.newServiceListLocked(CredentialManagerService.java:196)
02-19 22:04:20.080 E/CredentialManager(  774): 	at com.android.server.infra.AbstractMasterSystemService.getServiceListForUserLocked(AbstractMasterSystemService.java:635)
02-19 22:04:20.080 E/CredentialManager(  774): 	at com.android.server.infra.AbstractMasterSystemService.updateCachedServiceListMultiModeLocked(AbstractMasterSystemService.java:752)
02-19 22:04:20.080 E/CredentialManager(  774): 	at com.android.server.infra.AbstractMasterSystemService.updateCachedServiceListLocked(AbstractMasterSystemService.java:721)
02-19 22:04:20.080 E/CredentialManager(  774): 	at com.android.server.infra.AbstractMasterSystemService.updateCachedServiceLocked(AbstractMasterSystemService.java:679)
02-19 22:04:20.080 E/CredentialManager(  774): 	at com.android.server.infra.AbstractMasterSystemService$SettingsObserver.onChange(AbstractMasterSystemService.java:1391)
02-19 22:04:20.080 E/CredentialManager(  774): 	at android.database.ContentObserver.onChange(ContentObserver.java:202)
02-19 22:04:20.080 E/CredentialManager(  774): 	at android.database.ContentObserver.onChange(ContentObserver.java:224)
02-19 22:04:20.080 E/CredentialManager(  774): 	at android.database.ContentObserver.onChange(ContentObserver.java:236)
02-19 22:04:20.080 E/CredentialManager(  774): 	at android.database.ContentObserver.lambda$dispatchChange$1(ContentObserver.java:332)
02-19 22:04:20.080 E/CredentialManager(  774): 	at android.database.ContentObserver.$r8$lambda$_30FqRqKC3pUku8T3BsVPQAFotM(Unknown Source:0)
02-19 22:04:20.080 E/CredentialManager(  774): 	at android.database.ContentObserver$$ExternalSyntheticLambda1.run(D8$$SyntheticClass:0)
02-19 22:04:20.080 E/CredentialManager(  774): 	at android.os.Handler.handleCallback(Handler.java:1070)
02-19 22:04:20.080 E/CredentialManager(  774): 	at android.os.Handler.dispatchMessage(Handler.java:125)
02-19 22:04:20.080 E/CredentialManager(  774): 	at android.os.Looper.dispatchMessage(Looper.java:333)
02-19 22:04:20.080 E/CredentialManager(  774): 	at android.os.Looper.loopOnce(Looper.java:263)
02-19 22:04:20.080 E/CredentialManager(  774): 	at android.os.Looper.loop(Looper.java:367)
02-19 22:04:20.080 E/CredentialManager(  774): 	at android.os.HandlerThread.run(HandlerThread.java:139)
02-19 22:04:20.081 E/SpeechRecognitionManagerServiceImpl(  774): Bad service name: com.google.android.as/com.google.android.apps.miphone.aiai.app.AiAiSpeechRecognitionService
02-19 22:04:20.101 E/SearchUiPerUserService(  774): Bad service name: com.google.android.as/com.google.android.apps.miphone.aiai.app.AiAiSearchUiService
02-19 22:04:20.102 I/DisplayManager( 1845): Choreographer implicitly registered for the refresh rate.
02-19 22:04:20.104 E/AutofillManagerServiceImpl(  774): Bad service name: com.google.android.gms/.autofill.service.AutofillService
02-19 22:04:20.105 E/RemoteAugmentedAutofillService(  774): Bad service name for flags 1048704: com.google.android.as/com.google.android.apps.miphone.aiai.app.AiAiAugmentedAutofillService
02-19 22:04:20.106 E/MusicRecognitionManagerPerUserService(  774): Bad service name: com.google.android.googlequicksearchbox/com.google.android.apps.search.soundsearch.service.SoundSearchService
02-19 22:04:20.121 W/Looper  ( 1488): Slow dispatch took 1153ms SysUiBg app=com.android.systemui main=false group=FOREGROUND h=android.os.Handler c=com.android.systemui.statusbar.policy.FlashlightControllerImpl$$ExternalSyntheticLambda0@a43112b m=0
02-19 22:04:20.121 D/ControlsListingControllerImpl( 1488): Subscribing callback, service count: 0
02-19 22:04:20.137 D/DesktopExperienceFlags( 1766): Toggle override initialized to: false
02-19 22:04:20.152 W/Looper  (  774): Slow dispatch took 210ms android.fg app=system_server main=false group=FOREGROUND h=android.os.Handler c=<recycled PooledLambda@35ff9da> m=0
02-19 22:04:20.191 V/NotificationHistory(  774): Attempted to add notif for locked/gone/disabled user 0
02-19 22:04:20.193 W/Looper  (  774): Slow dispatch took 173ms main app=system_server main=true group=FOREGROUND h=com.android.server.notification.NotificationManagerService$WorkerHandler c=com.android.server.notification.NotificationManagerService$PostNotificationRunnable@a396d3a m=0
02-19 22:04:20.198 D/UnlockComponentFactory( 1845): instantiateActivity() com.google.android.apps.nexuslauncher.NexusLauncherActivity isUserLocked: true
02-19 22:04:20.206 W/PinnerService(  774): Could not find pinlist.meta for "/system_ext/priv-app/NexusLauncherRelease/NexusLauncherRelease.apk": pinning as blob
02-19 22:04:20.209 I/system_server(  774): Background young concurrent mark compact GC freed 17MB AllocSpace bytes, 17(452KB) LOS objects, 42% free, 26MB/45MB, paused 28.935ms,55.574ms total 2.117s
02-19 22:04:20.215 I/ServiceWatcher(  774): [network] chose new implementation null
02-19 22:04:20.215 I/ServiceWatcher(  774): [fused] chose new implementation 1000/com.android.location.fused/.FusedLocationService@0
02-19 22:04:20.215 I/ServiceWatcher(  774): [GnssAssistanceProxy] chose new implementation null
02-19 22:04:20.216 D/UnlockComponentFactory( 1845): instantiateActivity() com.google.android.apps.nexuslauncher.unlock.LauncherPostBootActivity
02-19 22:04:20.216 I/ServiceWatcher(  774): [GeocoderProxy] chose new implementation null
02-19 22:04:20.216 I/ServiceWatcher(  774): [HardwareActivityRecognitionProxy] chose new implementation null
02-19 22:04:20.216 D/DesktopExperienceFlags( 1845): Toggle override initialized to: false
02-19 22:04:20.216 I/ServiceWatcher(  774): [GeofenceProxy] chose new implementation null
02-19 22:04:20.216 I/ServiceWatcher(  774): [TrustManagerService] chose new implementation null
02-19 22:04:20.216 I/ServiceWatcher(  774): [RealLocationTimeZoneProviderProxy] chose new implementation null
02-19 22:04:20.217 D/AdbService(  774): setAdbEnabled(true), mIsAdbUsbEnabled=false, mIsAdbWifiEnabled=false, transportType=0
02-19 22:04:20.228 E/ashmem  ( 1845): Pinning is deprecated since Android Q. Please use trim or other methods.
02-19 22:04:20.254 W/ActivityManager(  774): Slow operation: 75ms so far, now at finishAttachApplicationInner: after dispatching broadcasts
02-19 22:04:20.257 D/BatteryUsageBroadcastReceiver( 1766): onReceive:android.intent.action.BATTERY_LEVEL_CHANGED
02-19 22:04:20.289 D/CompatChangeReporter( 1845): Compat change id reported: 377864165; UID 10191; state: ENABLED
02-19 22:04:20.289 D/DesktopModeFlags( 1845): Toggle override initialized to: OVERRIDE_UNSET
02-19 22:04:20.305 D/LockSettingsService(  774): Clearing FRP credential tied to user 0
02-19 22:04:20.363 W/AlarmManager( 1488): Unrecognized alarm listener com.android.systemui.keyguard.KeyguardSliceProvider$$ExternalSyntheticLambda2@bc211a0
02-19 22:04:20.368 W/FileUtils(  774): Failed to chmod(/data/misc/apexdata/com.android.wifi/WifiConfigStore.xml, 384): 
02-19 22:04:20.368 W/FileUtils(  774): android.system.ErrnoException: chmod failed: ENOENT (No such file or directory)
02-19 22:04:20.368 W/FileUtils(  774): 	at libcore.io.Linux.chmod(Native Method)
02-19 22:04:20.368 W/FileUtils(  774): 	at libcore.io.ForwardingOs.chmod(ForwardingOs.java:166)
02-19 22:04:20.368 W/FileUtils(  774): 	at libcore.io.BlockGuardOs.chmod(BlockGuardOs.java:83)
02-19 22:04:20.368 W/FileUtils(  774): 	at android.system.Os.chmod(Os.java:119)
02-19 22:04:20.368 W/FileUtils(  774): 	at com.android.server.wifi.util.FileUtils.chmod(FileUtils.java:44)
02-19 22:04:20.368 W/FileUtils(  774): 	at com.android.server.wifi.WifiConfigStore$StoreFile.writeBufferedRawData(WifiConfigStore.java:864)
02-19 22:04:20.368 W/FileUtils(  774): 	at com.android.server.wifi.WifiConfigStore.writeBufferedData(WifiConfigStore.java:431)
02-19 22:04:20.368 W/FileUtils(  774): 	at com.android.server.wifi.WifiConfigStore.write(WifiConfigStore.java:386)
02-19 22:04:20.368 W/FileUtils(  774): 	at com.android.server.wifi.WifiConfigManager.writeBufferedData(WifiConfigManager.java:4030)
02-19 22:04:20.368 W/FileUtils(  774): 	at com.android.server.wifi.WifiConfigManager.-$$Nest$mwriteBufferedData(WifiConfigManager.java:0)
02-19 22:04:20.368 W/FileUtils(  774): 	at com.android.server.wifi.WifiConfigManager$1.onAlarm(WifiConfigManager.java:147)
02-19 22:04:20.368 W/FileUtils(  774): 	at android.app.AlarmManager$ListenerWrapper.run(AlarmManager.java:375)
02-19 22:04:20.368 W/FileUtils(  774): 	at android.os.Handler.handleCallback(Handler.java:1070)
02-19 22:04:20.368 W/FileUtils(  774): 	at android.os.Handler.dispatchMessage(Handler.java:125)
02-19 22:04:20.368 W/FileUtils(  774): 	at com.android.server.wifi.RunnerHandler.dispatchMessage(RunnerHandler.java:131)
02-19 22:04:20.368 W/FileUtils(  774): 	at android.os.Looper.dispatchMessage(Looper.java:333)
02-19 22:04:20.368 W/FileUtils(  774): 	at android.os.Looper.loopOnce(Looper.java:263)
02-19 22:04:20.368 W/FileUtils(  774): 	at android.os.Looper.loop(Looper.java:367)
02-19 22:04:20.368 W/FileUtils(  774): 	at android.os.HandlerThread.run(HandlerThread.java:139)
02-19 22:04:20.390 D/ZenModeController( 1488): Added callback class com.android.systemui.keyguard.KeyguardSliceProvider
02-19 22:04:20.407 W/Looper  (  774): Slow dispatch took 122ms main app=system_server main=true group=FOREGROUND h=android.os.Handler c=android.database.ContentObserver$$ExternalSyntheticLambda1@46ef3cc m=0
02-19 22:04:20.408 I/ContentCaptureManagerService(  774): Updating for user 0: disabled=false
02-19 22:04:20.409 E/ContentCapturePerUserService(  774): Bad service name: com.google.android.as/com.google.android.apps.miphone.aiai.app.AiAiContentCaptureService
02-19 22:04:20.409 E/ContentCapturePerUserService(  774): Bad service name: com.google.android.as/com.google.android.apps.miphone.aiai.app.AiAiContentCaptureService
02-19 22:04:20.409 E/ContentCapturePerUserService(  774): Bad service name: com.google.android.as/com.google.android.apps.miphone.aiai.app.AiAiContentCaptureService
02-19 22:04:20.409 I/ContentSuggestionsManagerService(  774): Updating for user 0: disabled=false
02-19 22:04:20.409 E/ContentSuggestionsPerUserService(  774): Bad service name: com.google.android.as/com.google.android.apps.miphone.aiai.app.AiAiContentSuggestionsService
02-19 22:04:20.410 I/AutofillManagerService(  774): Updating for user 0: disabled=false
02-19 22:04:20.431 D/AdbService(  774): Broadcasting enable = true, type = 0
02-19 22:04:20.431 W/Looper  (  774): Slow dispatch took 215ms android.fg app=system_server main=false group=FOREGROUND h=android.os.Handler c=<recycled PooledLambda@ae13ae5> m=0
02-19 22:04:20.435 D/WifiConfigStore(  774): Writing to stores completed in 81 ms.
02-19 22:04:20.435 E/AutofillManagerServiceImpl(  774): Bad service name: com.google.android.gms/.autofill.service.AutofillService
02-19 22:04:20.435 E/RemoteAugmentedAutofillService(  774): Bad service name for flags 1048704: com.google.android.as/com.google.android.apps.miphone.aiai.app.AiAiAugmentedAutofillService
02-19 22:04:20.436 E/AutofillManagerServiceImpl(  774): Bad service name: com.google.android.gms/.autofill.service.AutofillService
02-19 22:04:20.436 E/RemoteAugmentedAutofillService(  774): Bad service name for flags 1048704: com.google.android.as/com.google.android.apps.miphone.aiai.app.AiAiAugmentedAutofillService
