--------- beginning of main
02-19 22:04:17.076 D/BluetoothKeystoreService( 1691): new BluetoothKeystoreService
02-19 22:04:17.084 D/BluetoothAdapterService( 1691): onCreate()
02-19 22:04:17.088 V/WatchConnectionStateListener( 1691): Keeping watch status to false. connectedDevices={} associatedWatches=[]
02-19 22:04:17.098 D/BluetoothAdapterService( 1691): setAdapterService() - set service to com.android.bluetooth.btservice.AdapterService@91989f3
02-19 22:04:17.100 I/BluetoothAdapterState( 1691): OFF : entered 
02-19 22:04:17.100 D/BluetoothAdapterProperties( 1691): Setting state to OFF
02-19 22:04:17.100 D/BluetoothAdapterService( 1691): Broadcasting [updateAdapterState(OFF, OFF)] to 0 receivers.
02-19 22:04:17.100 D/BluetoothAdapterService( 1691): onBind()
02-19 22:04:17.114 I/ServiceWatcher(  774): [fused] chose new implementation 1000/com.android.location.fused/.FusedLocationService@0
02-19 22:04:17.116 I/ServiceWatcher(  774): [GeocoderProxy] chose new implementation null
02-19 22:04:17.116 I/ServiceWatcher(  774): [GnssAssistanceProxy] chose new implementation null
02-19 22:04:17.116 I/ServiceWatcher(  774): [network] chose new implementation null
02-19 22:04:17.117 I/ServiceWatcher(  774): [RealLocationTimeZoneProviderProxy] chose new implementation null
02-19 22:04:17.117 I/ServiceWatcher(  774): [TrustManagerService] chose new implementation null
02-19 22:04:17.140 W/WiredAccessoryManager(  774): Both input event and extcon are used for audio jack, please just choose one.
02-19 22:04:17.146 D/ApplicationLoaders(  774): Returning zygote-cached class loader: /system/framework/com.android.location.provider.jar
02-19 22:04:17.153 D/nativeloader(  774): Configuring clns-shared-21 for other apk /system/priv-app/FusedLocation/FusedLocation.apk. target_sdk_version=36, uses_libraries=, library_path=/system/priv-app/FusedLocation/lib/x86_64:/system/priv-app/FusedLocation/FusedLocation.apk!/lib/x86_64:/system/lib64:/system_ext/lib64, permitted_path=/data:/mnt/expand:/data/user_de/0/com.android.location.fused:/system/priv-app/FusedLocation:/system/lib64:/system_ext/lib64
--------- beginning of system
02-19 22:04:17.160 I/PackageWatchdog(  774): Syncing health check requests for packages: {}
02-19 22:04:17.161 I/ExplicitHealthCheckController(  774): Service not ready to get health check supported packages. Binding...
02-19 22:04:17.162 I/ExplicitHealthCheckController(  774): Explicit health check service is bound
02-19 22:04:17.179 D/PermissionMonitor(  774): setLocalNetworkPermissions in onPermissionsChanged took 159 microseconds.
02-19 22:04:17.196 D/PermissionMonitor(  774): setLocalNetworkPermissions in onPermissionsChanged took 6 microseconds.
02-19 22:04:17.200 D/LocalBluetoothProfileManager( 1488): LocalBluetoothProfileManager construction complete
02-19 22:04:17.203 D/PermissionMonitor(  774): setLocalNetworkPermissions in onPermissionsChanged took 5 microseconds.
02-19 22:04:17.203 D/PermissionMonitor(  774): setLocalNetworkPermissions in onPermissionsChanged took 1 microseconds.
02-19 22:04:17.207 D/PermissionMonitor(  774): setLocalNetworkPermissions in onPermissionsChanged took 115 microseconds.
02-19 22:04:17.209 D/PermissionMonitor(  774): setLocalNetworkPermissions in onPermissionsChanged took 5 microseconds.
02-19 22:04:17.221 D/LocalBluetoothProfileManager( 1488): Adding local Hearing Aid profile
02-19 22:04:17.223 D/PermissionMonitor(  774): setLocalNetworkPermissions in onPermissionsChanged took 113 microseconds.
02-19 22:04:17.227 W/ndroid.systemui( 1488): userfaultfd: MOVE ioctl seems unsupported: Connection timed out
02-19 22:04:17.257 D/PermissionMonitor(  774): setLocalNetworkPermissions in onPermissionsChanged took 5 microseconds.
02-19 22:04:17.259 I/ConnectivityModuleConnector(  774): Networking module service connected
02-19 22:04:17.259 I/NetworkStackClient(  774): Network stack service connected
02-19 22:04:17.260 D/NetworkStackClient(  774): Network stack service registered
02-19 22:04:17.274 D/PermissionMonitor(  774): setLocalNetworkPermissions in onPermissionsChanged took 6 microseconds.
02-19 22:04:17.274 D/PermissionMonitor(  774): setLocalNetworkPermissions in onPermissionsChanged took 2 microseconds.
02-19 22:04:17.274 D/PermissionMonitor(  774): setLocalNetworkPermissions in onPermissionsChanged took 1 microseconds.
02-19 22:04:17.275 D/PermissionMonitor(  774): setLocalNetworkPermissions in onPermissionsChanged took 150 microseconds.
02-19 22:04:17.276 D/PermissionMonitor(  774): setLocalNetworkPermissions in onPermissionsChanged took 3 microseconds.
02-19 22:04:17.276 D/PermissionMonitor(  774): setLocalNetworkPermissions in onPermissionsChanged took 2 microseconds.
02-19 22:04:17.276 D/PermissionMonitor(  774): setLocalNetworkPermissions in onPermissionsChanged took 1 microseconds.
02-19 22:04:17.276 D/PermissionMonitor(  774): setLocalNetworkPermissions in onPermissionsChanged took 0 microseconds.
02-19 22:04:17.276 D/PermissionMonitor(  774): setLocalNetworkPermissions in onPermissionsChanged took 0 microseconds.
02-19 22:04:17.276 D/PermissionMonitor(  774): setLocalNetworkPermissions in onPermissionsChanged took 2 microseconds.
02-19 22:04:17.277 D/PermissionMonitor(  774): setLocalNetworkPermissions in onPermissionsChanged took 1 microseconds.
02-19 22:04:17.277 D/PermissionMonitor(  774): setLocalNetworkPermissions in onPermissionsChanged took 0 microseconds.
02-19 22:04:17.277 D/PermissionMonitor(  774): setLocalNetworkPermissions in onPermissionsChanged took 0 microseconds.
02-19 22:04:17.277 D/PermissionMonitor(  774): setLocalNetworkPermissions in onPermissionsChanged took 1 microseconds.
02-19 22:04:17.277 D/PermissionMonitor(  774): setLocalNetworkPermissions in onPermissionsChanged took 121 microseconds.
02-19 22:04:17.278 D/PermissionMonitor(  774): setLocalNetworkPermissions in onPermissionsChanged took 6 microseconds.
02-19 22:04:17.289 D/PermissionMonitor(  774): setLocalNetworkPermissions in onPermissionsChanged took 4 microseconds.
02-19 22:04:17.289 D/PermissionMonitor(  774): setLocalNetworkPermissions in onPermissionsChanged took 1 microseconds.
02-19 22:04:17.289 D/PermissionMonitor(  774): setLocalNetworkPermissions in onPermissionsChanged took 0 microseconds.
02-19 22:04:17.290 D/PermissionMonitor(  774): setLocalNetworkPermissions in onPermissionsChanged took 11 microseconds.
02-19 22:04:17.290 D/PermissionMonitor(  774): setLocalNetworkPermissions in onPermissionsChanged took 0 microseconds.
02-19 22:04:17.290 D/PermissionMonitor(  774): setLocalNetworkPermissions in onPermissionsChanged took 0 microseconds.
02-19 22:04:17.291 D/PermissionMonitor(  774): setLocalNetworkPermissions in onPermissionsChanged took 121 microseconds.
02-19 22:04:17.293 V/BatteryUsageContentProvider( 1766): initialize provider
02-19 22:04:17.295 D/PermissionMonitor(  774): setLocalNetworkPermissions in onPermissionsChanged took 1719 microseconds.
02-19 22:04:17.299 I/idmap2d ( 1799): Starting
02-19 22:04:17.309 W/libbinder.BackendUnifiedServiceManager( 1799): Thread Pool max thread count is 0. Cannot cache binder as linkToDeath cannot be implemented. serviceName: idmap
02-19 22:04:17.311 D/PermissionMonitor(  774): setLocalNetworkPermissions in onPermissionsChanged took 4 microseconds.
02-19 22:04:17.311 D/PermissionMonitor(  774): setLocalNetworkPermissions in onPermissionsChanged took 1 microseconds.
02-19 22:04:17.311 D/PermissionMonitor(  774): setLocalNetworkPermissions in onPermissionsChanged took 0 microseconds.
02-19 22:04:17.312 D/PermissionMonitor(  774): setLocalNetworkPermissions in onPermissionsChanged took 0 microseconds.
02-19 22:04:17.312 D/PermissionMonitor(  774): setLocalNetworkPermissions in onPermissionsChanged took 1 microseconds.
02-19 22:04:17.312 D/PermissionMonitor(  774): setLocalNetworkPermissions in onPermissionsChanged took 0 microseconds.
02-19 22:04:17.312 D/PermissionMonitor(  774): setLocalNetworkPermissions in onPermissionsChanged took 118 microseconds.
02-19 22:04:17.312 D/PermissionMonitor(  774): setLocalNetworkPermissions in onPermissionsChanged took 1 microseconds.
02-19 22:04:17.312 D/PermissionMonitor(  774): setLocalNetworkPermissions in onPermissionsChanged took 1 microseconds.
02-19 22:04:17.312 D/PermissionMonitor(  774): setLocalNetworkPermissions in onPermissionsChanged took 0 microseconds.
02-19 22:04:17.312 D/PermissionMonitor(  774): setLocalNetworkPermissions in onPermissionsChanged took 1 microseconds.
02-19 22:04:17.312 D/PermissionMonitor(  774): setLocalNetworkPermissions in onPermissionsChanged took 0 microseconds.
02-19 22:04:17.323 D/PermissionMonitor(  774): setLocalNetworkPermissions in onPermissionsChanged took 6 microseconds.
02-19 22:04:17.323 D/PermissionMonitor(  774): setLocalNetworkPermissions in onPermissionsChanged took 1 microseconds.
02-19 22:04:17.324 D/PermissionMonitor(  774): setLocalNetworkPermissions in onPermissionsChanged took 3 microseconds.
02-19 22:04:17.324 D/PermissionMonitor(  774): setLocalNetworkPermissions in onPermissionsChanged took 1 microseconds.
02-19 22:04:17.324 I/ConnectivityModuleConnector(  774): Networking module service connected
02-19 22:04:17.354 D/PermissionMonitor(  774): setLocalNetworkPermissions in onPermissionsChanged took 5 microseconds.
02-19 22:04:17.355 D/PermissionMonitor(  774): setLocalNetworkPermissions in onPermissionsChanged took 1 microseconds.
02-19 22:04:17.355 D/PermissionMonitor(  774): setLocalNetworkPermissions in onPermissionsChanged took 0 microseconds.
02-19 22:04:17.355 D/PermissionMonitor(  774): setLocalNetworkPermissions in onPermissionsChanged took 0 microseconds.
02-19 22:04:17.355 D/PermissionMonitor(  774): setLocalNetworkPermissions in onPermissionsChanged took 1 microseconds.
02-19 22:04:17.355 D/PermissionMonitor(  774): setLocalNetworkPermissions in onPermissionsChanged took 0 microseconds.
02-19 22:04:17.355 D/PermissionMonitor(  774): setLocalNetworkPermissions in onPermissionsChanged took 1 microseconds.
02-19 22:04:17.374 D/PermissionMonitor(  774): setLocalNetworkPermissions in onPermissionsChanged took 6 microseconds.
02-19 22:04:17.375 D/PermissionMonitor(  774): setLocalNetworkPermissions in onPermissionsChanged took 2 microseconds.
02-19 22:04:17.375 D/PermissionMonitor(  774): setLocalNetworkPermissions in onPermissionsChanged took 0 microseconds.
02-19 22:04:17.375 D/PermissionMonitor(  774): setLocalNetworkPermissions in onPermissionsChanged took 0 microseconds.
02-19 22:04:17.375 D/PermissionMonitor(  774): setLocalNetworkPermissions in onPermissionsChanged took 0 microseconds.
02-19 22:04:17.375 D/PermissionMonitor(  774): setLocalNetworkPermissions in onPermissionsChanged took 1 microseconds.
02-19 22:04:17.375 D/PermissionMonitor(  774): setLocalNetworkPermissions in onPermissionsChanged took 0 microseconds.
02-19 22:04:17.375 D/PermissionMonitor(  774): setLocalNetworkPermissions in onPermissionsChanged took 0 microseconds.
02-19 22:04:17.375 D/PermissionMonitor(  774): setLocalNetworkPermissions in onPermissionsChanged took 0 microseconds.
02-19 22:04:17.375 D/PermissionMonitor(  774): setLocalNetworkPermissions in onPermissionsChanged took 1 microseconds.
02-19 22:04:17.375 D/PermissionMonitor(  774): setLocalNetworkPermissions in onPermissionsChanged took 1 microseconds.
02-19 22:04:17.375 D/PermissionMonitor(  774): setLocalNetworkPermissions in onPermissionsChanged took 0 microseconds.
02-19 22:04:17.375 D/PermissionMonitor(  774): setLocalNetworkPermissions in onPermissionsChanged took 0 microseconds.
02-19 22:04:17.375 D/PermissionMonitor(  774): setLocalNetworkPermissions in onPermissionsChanged took 1 microseconds.
02-19 22:04:17.375 D/PermissionMonitor(  774): setLocalNetworkPermissions in onPermissionsChanged took 0 microseconds.
02-19 22:04:17.375 D/PermissionMonitor(  774): setLocalNetworkPermissions in onPermissionsChanged took 0 microseconds.
02-19 22:04:17.375 D/PermissionMonitor(  774): setLocalNetworkPermissions in onPermissionsChanged took 0 microseconds.
02-19 22:04:17.375 D/PermissionMonitor(  774): setLocalNetworkPermissions in onPermissionsChanged took 1 microseconds.
02-19 22:04:17.375 D/PermissionMonitor(  774): setLocalNetworkPermissions in onPermissionsChanged took 0 microseconds.
02-19 22:04:17.375 D/PermissionMonitor(  774): setLocalNetworkPermissions in onPermissionsChanged took 0 microseconds.
02-19 22:04:17.376 D/PermissionMonitor(  774): setLocalNetworkPermissions in onPermissionsChanged took 13 microseconds.
02-19 22:04:17.376 D/PermissionMonitor(  774): setLocalNetworkPermissions in onPermissionsChanged took 1 microseconds.
02-19 22:04:17.376 D/PermissionMonitor(  774): setLocalNetworkPermissions in onPermissionsChanged took 0 microseconds.
02-19 22:04:17.376 D/PermissionMonitor(  774): setLocalNetworkPermissions in onPermissionsChanged took 0 microseconds.
02-19 22:04:17.376 D/PermissionMonitor(  774): setLocalNetworkPermissions in onPermissionsChanged took 1 microseconds.
02-19 22:04:17.376 D/PermissionMonitor(  774): setLocalNetworkPermissions in onPermissionsChanged took 0 microseconds.
02-19 22:04:17.376 D/PermissionMonitor(  774): setLocalNetworkPermissions in onPermissionsChanged took 1 microseconds.
02-19 22:04:17.376 D/PermissionMonitor(  774): setLocalNetworkPermissions in onPermissionsChanged took 0 microseconds.
02-19 22:04:17.376 D/PermissionMonitor(  774): setLocalNetworkPermissions in onPermissionsChanged took 1 microseconds.
02-19 22:04:17.376 D/PermissionMonitor(  774): setLocalNetworkPermissions in onPermissionsChanged took 0 microseconds.
02-19 22:04:17.376 D/PermissionMonitor(  774): setLocalNetworkPermissions in onPermissionsChanged took 1 microseconds.
02-19 22:04:17.376 D/PermissionMonitor(  774): setLocalNetworkPermissions in onPermissionsChanged took 0 microseconds.
02-19 22:04:17.376 D/PermissionMonitor(  774): setLocalNetworkPermissions in onPermissionsChanged took 2 microseconds.
02-19 22:04:17.376 D/PermissionMonitor(  774): setLocalNetworkPermissions in onPermissionsChanged took 0 microseconds.
02-19 22:04:17.376 D/PermissionMonitor(  774): setLocalNetworkPermissions in onPermissionsChanged took 0 microseconds.
02-19 22:04:17.377 D/PermissionMonitor(  774): setLocalNetworkPermissions in onPermissionsChanged took 0 microseconds.
02-19 22:04:17.377 D/PermissionMonitor(  774): setLocalNetworkPermissions in onPermissionsChanged took 1 microseconds.
02-19 22:04:17.377 D/PermissionMonitor(  774): setLocalNetworkPermissions in onPermissionsChanged took 0 microseconds.
02-19 22:04:17.377 D/PermissionMonitor(  774): setLocalNetworkPermissions in onPermissionsChanged took 0 microseconds.
02-19 22:04:17.377 D/PermissionMonitor(  774): setLocalNetworkPermissions in onPermissionsChanged took 0 microseconds.
02-19 22:04:17.400 W/Looper  (  774): Slow dispatch took 119ms android.fg app=system_server main=false group=FOREGROUND h=android.os.Handler c=<recycled PooledLambda@ae13ae5> m=0
02-19 22:04:17.400 I/ServiceWatcher(  774): [GeofenceProxy] chose new implementation null
02-19 22:04:17.401 I/ServiceWatcher(  774): [HardwareActivityRecognitionProxy] chose new implementation null
02-19 22:04:17.401 I/ServiceWatcher(  774): [fused] chose new implementation 1000/com.android.location.fused/.FusedLocationService@0
02-19 22:04:17.401 I/ServiceWatcher(  774): [GeocoderProxy] chose new implementation null
02-19 22:04:17.401 I/ServiceWatcher(  774): [GnssAssistanceProxy] chose new implementation null
02-19 22:04:17.401 I/ServiceWatcher(  774): [network] chose new implementation null
02-19 22:04:17.401 I/ServiceWatcher(  774): [RealLocationTimeZoneProviderProxy] chose new implementation null
02-19 22:04:17.402 I/ServiceWatcher(  774): [TrustManagerService] chose new implementation null
02-19 22:04:17.402 I/ServiceWatcher(  774): [GeofenceProxy] chose new implementation null
02-19 22:04:17.402 I/ServiceWatcher(  774): [HardwareActivityRecognitionProxy] chose new implementation null
02-19 22:04:17.437 D/PermissionMonitor(  774): setLocalNetworkPermissions in onPermissionsChanged took 6 microseconds.
02-19 22:04:17.438 D/PermissionMonitor(  774): setLocalNetworkPermissions in onPermissionsChanged took 2 microseconds.
02-19 22:04:17.438 D/PermissionMonitor(  774): setLocalNetworkPermissions in onPermissionsChanged took 0 microseconds.
02-19 22:04:17.438 D/PermissionMonitor(  774): setLocalNetworkPermissions in onPermissionsChanged took 0 microseconds.
02-19 22:04:17.438 D/PermissionMonitor(  774): setLocalNetworkPermissions in onPermissionsChanged took 1 microseconds.
02-19 22:04:17.438 D/PermissionMonitor(  774): setLocalNetworkPermissions in onPermissionsChanged took 0 microseconds.
02-19 22:04:17.438 D/PermissionMonitor(  774): setLocalNetworkPermissions in onPermissionsChanged took 0 microseconds.
02-19 22:04:17.438 D/PermissionMonitor(  774): setLocalNetworkPermissions in onPermissionsChanged took 1 microseconds.
02-19 22:04:17.448 D/PermissionMonitor(  774): setLocalNetworkPermissions in onPermissionsChanged took 6 microseconds.
02-19 22:04:17.449 D/PermissionMonitor(  774): setLocalNetworkPermissions in onPermissionsChanged took 2 microseconds.
02-19 22:04:17.452 D/PermissionMonitor(  774): setLocalNetworkPermissions in onPermissionsChanged took 7 microseconds.
02-19 22:04:17.535 I/ServiceWatcher(  774): [fused] chose new implementation 1000/com.android.location.fused/.FusedLocationService@0
02-19 22:04:17.535 W/Looper  (  774): Slow dispatch took 131ms android.fg app=system_server main=false group=FOREGROUND h=android.os.Handler c=com.android.internal.content.PackageMonitor$$ExternalSyntheticLambda0@695006b m=0
02-19 22:04:17.536 I/ServiceWatcher(  774): [GeocoderProxy] chose new implementation null
02-19 22:04:17.536 W/Looper  (  774): Slow delivery took 242ms android.fg app=system_server main=false group=FOREGROUND h=android.os.Handler c=com.android.internal.content.PackageMonitor$$ExternalSyntheticLambda0@153f7c8 m=0
02-19 22:04:17.536 I/ServiceWatcher(  774): [GnssAssistanceProxy] chose new implementation null
02-19 22:04:17.537 I/ServiceWatcher(  774): [network] chose new implementation null
02-19 22:04:17.537 I/ServiceWatcher(  774): [RealLocationTimeZoneProviderProxy] chose new implementation null
02-19 22:04:17.539 I/ServiceWatcher(  774): [TrustManagerService] chose new implementation null
02-19 22:04:17.539 I/ServiceWatcher(  774): [GeofenceProxy] chose new implementation null
02-19 22:04:17.539 I/ServiceWatcher(  774): [HardwareActivityRecognitionProxy] chose new implementation null
02-19 22:04:17.571 W/Looper  (  774): Slow dispatch took 118ms main app=system_server main=true group=FOREGROUND h=android.app.ActivityThread$H c=android.app.role.RoleManager$OnRoleHoldersChangedListenerDelegate$$ExternalSyntheticLambda0@de01612 m=0
02-19 22:04:17.578 D/PermissionMonitor(  774): setLocalNetworkPermissions in onPermissionsChanged took 5 microseconds.
02-19 22:04:17.578 D/PermissionMonitor(  774): setLocalNetworkPermissions in onPermissionsChanged took 3 microseconds.
02-19 22:04:17.578 D/PermissionMonitor(  774): setLocalNetworkPermissions in onPermissionsChanged took 0 microseconds.
02-19 22:04:17.578 D/PermissionMonitor(  774): setLocalNetworkPermissions in onPermissionsChanged took 0 microseconds.
02-19 22:04:17.578 D/PermissionMonitor(  774): setLocalNetworkPermissions in onPermissionsChanged took 1 microseconds.
02-19 22:04:17.578 D/PermissionMonitor(  774): setLocalNetworkPermissions in onPermissionsChanged took 0 microseconds.
02-19 22:04:17.579 D/PermissionMonitor(  774): setLocalNetworkPermissions in onPermissionsChanged took 1 microseconds.
02-19 22:04:17.579 D/PermissionMonitor(  774): setLocalNetworkPermissions in onPermissionsChanged took 1 microseconds.
02-19 22:04:17.579 D/PermissionMonitor(  774): setLocalNetworkPermissions in onPermissionsChanged took 0 microseconds.
02-19 22:04:17.579 D/PermissionMonitor(  774): setLocalNetworkPermissions in onPermissionsChanged took 0 microseconds.
02-19 22:04:17.579 D/PermissionMonitor(  774): setLocalNetworkPermissions in onPermissionsChanged took 0 microseconds.
02-19 22:04:17.579 D/PermissionMonitor(  774): setLocalNetworkPermissions in onPermissionsChanged took 1 microseconds.
02-19 22:04:17.579 D/PermissionMonitor(  774): setLocalNetworkPermissions in onPermissionsChanged took 0 microseconds.
02-19 22:04:17.579 D/PermissionMonitor(  774): setLocalNetworkPermissions in onPermissionsChanged took 0 microseconds.
02-19 22:04:17.579 D/PermissionMonitor(  774): setLocalNetworkPermissions in onPermissionsChanged took 126 microseconds.
02-19 22:04:17.579 D/PermissionMonitor(  774): setLocalNetworkPermissions in onPermissionsChanged took 1 microseconds.
02-19 22:04:17.580 D/PermissionMonitor(  774): setLocalNetworkPermissions in onPermissionsChanged took 7 microseconds.
02-19 22:04:17.580 D/PermissionMonitor(  774): setLocalNetworkPermissions in onPermissionsChanged took 1 microseconds.
02-19 22:04:17.580 D/PermissionMonitor(  774): setLocalNetworkPermissions in onPermissionsChanged took 1 microseconds.
02-19 22:04:17.580 D/PermissionMonitor(  774): setLocalNetworkPermissions in onPermissionsChanged took 0 microseconds.
02-19 22:04:17.580 D/PermissionMonitor(  774): setLocalNetworkPermissions in onPermissionsChanged took 0 microseconds.
02-19 22:04:17.580 D/PermissionMonitor(  774): setLocalNetworkPermissions in onPermissionsChanged took 2 microseconds.
02-19 22:04:17.580 D/PermissionMonitor(  774): setLocalNetworkPermissions in onPermissionsChanged took 1 microseconds.
02-19 22:04:17.580 D/PermissionMonitor(  774): setLocalNetworkPermissions in onPermissionsChanged took 1 microseconds.
02-19 22:04:17.580 D/PermissionMonitor(  774): setLocalNetworkPermissions in onPermissionsChanged took 0 microseconds.
02-19 22:04:17.581 D/PermissionMonitor(  774): setLocalNetworkPermissions in onPermissionsChanged took 1 microseconds.
02-19 22:04:17.581 D/PermissionMonitor(  774): setLocalNetworkPermissions in onPermissionsChanged took 0 microseconds.
02-19 22:04:17.581 D/PermissionMonitor(  774): setLocalNetworkPermissions in onPermissionsChanged took 0 microseconds.
02-19 22:04:17.581 D/PermissionMonitor(  774): setLocalNetworkPermissions in onPermissionsChanged took 2 microseconds.
02-19 22:04:17.581 D/PermissionMonitor(  774): setLocalNetworkPermissions in onPermissionsChanged took 2 microseconds.
02-19 22:04:17.581 D/PermissionMonitor(  774): setLocalNetworkPermissions in onPermissionsChanged took 1 microseconds.
02-19 22:04:17.581 D/PermissionMonitor(  774): setLocalNetworkPermissions in onPermissionsChanged took 0 microseconds.
02-19 22:04:17.581 D/PermissionMonitor(  774): setLocalNetworkPermissions in onPermissionsChanged took 0 microseconds.
02-19 22:04:17.581 D/PermissionMonitor(  774): setLocalNetworkPermissions in onPermissionsChanged took 2 microseconds.
02-19 22:04:17.581 D/PermissionMonitor(  774): setLocalNetworkPermissions in onPermissionsChanged took 0 microseconds.
02-19 22:04:17.581 D/PermissionMonitor(  774): setLocalNetworkPermissions in onPermissionsChanged took 0 microseconds.
02-19 22:04:17.581 D/PermissionMonitor(  774): setLocalNetworkPermissions in onPermissionsChanged took 1 microseconds.
02-19 22:04:17.621 I/ActivityTaskManager(  774): START u0 {flg=0x10000000 xflg=0x4 cmp=com.missmeconnection.app/.MainActivity} with LAUNCH_MULTIPLE from uid 2000 (com.android.shell) result code=-92
02-19 22:04:17.627 I/WifiClientModeImpl[168886:wlan0](  774): disconnectedstate enter
02-19 22:04:17.627 W/WifiConnectivityManager(  774): mConnectedSingleSavedNetworkSingleScanScheduleSec is not configured! Using default scan schedule
02-19 22:04:17.627 W/WifiConnectivityManager(  774): mConnectedSingleSavedNetworkSingleScanType is not configured! Using default scan types
02-19 22:04:17.627 D/WifiClientModeImpl[168886:wlan0](  774): setupClientMode() ifacename = wlan0
02-19 22:04:17.631 D/PermissionMonitor(  774): setLocalNetworkPermissions in onPermissionsChanged took 7 microseconds.
02-19 22:04:17.632 D/PermissionMonitor(  774): setLocalNetworkPermissions in onPermissionsChanged took 2 microseconds.
02-19 22:04:17.648 D/PermissionMonitor(  774): setLocalNetworkPermissions in onPermissionsChanged took 4 microseconds.
02-19 22:04:17.648 D/PermissionMonitor(  774): setLocalNetworkPermissions in onPermissionsChanged took 2 microseconds.
02-19 22:04:17.648 D/PermissionMonitor(  774): setLocalNetworkPermissions in onPermissionsChanged took 1 microseconds.
02-19 22:04:17.648 D/PermissionMonitor(  774): setLocalNetworkPermissions in onPermissionsChanged took 2 microseconds.
02-19 22:04:17.652 D/PermissionMonitor(  774): setLocalNetworkPermissions in onPermissionsChanged took 4 microseconds.
02-19 22:04:17.652 D/PermissionMonitor(  774): setLocalNetworkPermissions in onPermissionsChanged took 3 microseconds.
02-19 22:04:17.653 W/AlarmManager( 1603): Unrecognized alarm listener com.android.networkstack.android.net.ip.IpClientLinkObserver$Dhcp6PdPreferredPrefixAlarmListener@aa9a4ca
02-19 22:04:17.688 I/WifiVendorHal(  774): Driver: 1.0 Firmware: 1.0
02-19 22:04:17.690 W/Looper  (  774): Slow dispatch took 150ms android.fg app=system_server main=false group=FOREGROUND h=android.os.Handler c=<recycled PooledLambda@46a0fc5> m=0
02-19 22:04:17.712 W/BestClock(  774): java.time.DateTimeException: No network time available
02-19 22:04:17.732 D/PermissionMonitor(  774): setLocalNetworkPermissions in onPermissionsChanged took 8 microseconds.
02-19 22:04:17.733 D/PermissionMonitor(  774): setLocalNetworkPermissions in onPermissionsChanged took 6 microseconds.
02-19 22:04:17.733 D/PermissionMonitor(  774): setLocalNetworkPermissions in onPermissionsChanged took 1 microseconds.
02-19 22:04:17.756 E/RoleControllerServiceImpl(  774): Default/fallback role holder package doesn't qualify for the role, package: com.google.android.gms, role: android.app.role.WALLET, user: 0
02-19 22:04:17.772 D/PermissionMonitor(  774): setLocalNetworkPermissions in onPermissionsChanged took 38993 microseconds.
02-19 22:04:17.780 W/AccessibilityManagerService(  774): onSomePackagesChanged: service not initialized, skip the callback.
02-19 22:04:17.794 W/AccessibilityManagerService(  774): onSomePackagesChanged: service not initialized, skip the callback.
02-19 22:04:17.808 W/SignedPackage(  774): Cannot get ApplicationInfo for package: com.google.android.devicelockcontroller
02-19 22:04:17.808 W/BLASTSyncEngine(  774): Sync group 2 timeout
02-19 22:04:17.808 I/BLASTSyncEngine(  774): Unfinished container: Task{bd984fb #5 type=home A=10189:com.google.android.googlesdksetup nonResizable}
02-19 22:04:17.808 I/BLASTSyncEngine(  774): Unfinished container: ActivityRecord{163481226 u0 com.google.android.googlesdksetup/.DefaultActivity t5}
02-19 22:04:17.817 W/BestClock(  774): java.time.DateTimeException: No network time available
02-19 22:04:17.821 D/WifiDiags(  774): startLogging() iface list is {wlan0} after adding wlan0
02-19 22:04:17.821 D/PermissionMonitor(  774): setLocalNetworkPermissions in onPermissionsChanged took 4 microseconds.
02-19 22:04:17.822 D/PermissionMonitor(  774): setLocalNetworkPermissions in onPermissionsChanged took 5 microseconds.
02-19 22:04:17.842 D/PermissionMonitor(  774): setLocalNetworkPermissions in onPermissionsChanged took 4 microseconds.
02-19 22:04:17.842 D/PermissionMonitor(  774): setLocalNetworkPermissions in onPermissionsChanged took 1 microseconds.
02-19 22:04:17.842 D/PermissionMonitor(  774): setLocalNetworkPermissions in onPermissionsChanged took 2 microseconds.
02-19 22:04:17.883 D/PermissionMonitor(  774): setLocalNetworkPermissions in onPermissionsChanged took 5 microseconds.
02-19 22:04:17.883 D/PermissionMonitor(  774): setLocalNetworkPermissions in onPermissionsChanged took 3 microseconds.
02-19 22:04:17.898 D/PermissionMonitor(  774): setLocalNetworkPermissions in onPermissionsChanged took 197 microseconds.
02-19 22:04:17.899 D/PermissionMonitor(  774): setLocalNetworkPermissions in onPermissionsChanged took 4 microseconds.
02-19 22:04:17.899 D/PermissionMonitor(  774): setLocalNetworkPermissions in onPermissionsChanged took 2 microseconds.
02-19 22:04:17.899 D/PermissionMonitor(  774): setLocalNetworkPermissions in onPermissionsChanged took 80 microseconds.
02-19 22:04:17.901 W/AccessibilityManagerService(  774): onSomePackagesChanged: service not initialized, skip the callback.
02-19 22:04:17.904 W/Looper  (  774): Slow dispatch took 208ms android.fg app=system_server main=false group=FOREGROUND h=android.os.Handler c=com.android.server.servicewatcher.ServiceWatcherImpl$$ExternalSyntheticLambda0@5c73115 m=0
02-19 22:04:17.906 I/Transition(  774): cleanUpOnFailure for #2
02-19 22:04:17.909 D/WifiConnectivityHelper(  774): Firmware supported feature set: {0, 3, 4, 27, 28, 29, 31, 35, 38, 39, 40, 47, 48, 50, 51, 52, 55, 56}
02-19 22:04:17.909 D/WifiConnectivityHelper(  774): Firmware roaming is not supported
02-19 22:04:17.911 I/WifiClientModeImpl(  774): Primary factory MAC address stored in config store: 02:15:b2:00:00:00
02-19 22:04:17.911 I/WifiClientModeImpl(  774): Primary factory MAC address retrieved: 02:15:b2:00:00:00
02-19 22:04:17.933 D/SpaSearchProvider( 1766): onCreate
02-19 22:04:17.935 D/PermissionMonitor(  774): setLocalNetworkPermissions in onPermissionsChanged took 4 microseconds.
02-19 22:04:17.935 D/PermissionMonitor(  774): setLocalNetworkPermissions in onPermissionsChanged took 1 microseconds.
02-19 22:04:17.935 D/PermissionMonitor(  774): setLocalNetworkPermissions in onPermissionsChanged took 0 microseconds.
02-19 22:04:17.935 D/PermissionMonitor(  774): setLocalNetworkPermissions in onPermissionsChanged took 1 microseconds.
02-19 22:04:17.935 D/PermissionMonitor(  774): setLocalNetworkPermissions in onPermissionsChanged took 0 microseconds.
02-19 22:04:17.951 D/RingerModeProvider( 1766): RingerModeProvider has started.
02-19 22:04:17.964 I/WifiService(  774): enableNetwork uid=10189 disableOthers=true
02-19 22:04:17.965 D/PermissionMonitor(  774): setLocalNetworkPermissions in onPermissionsChanged took 5 microseconds.
02-19 22:04:17.965 D/PermissionMonitor(  774): setLocalNetworkPermissions in onPermissionsChanged took 2 microseconds.
02-19 22:04:17.966 D/PermissionMonitor(  774): setLocalNetworkPermissions in onPermissionsChanged took 3 microseconds.
02-19 22:04:17.988 V/WindowManager(  774): Finish Transition (#2): created at 02-19 22:04:12.784 collect-started=1.985ms request-sent=121.141ms started=239.588ms ready=688.78ms sent=5036.403ms commit=112.716ms finished=5124.623ms
02-19 22:04:18.039 I/SupplicantStaIfaceHalAidlImpl(  774): Keystore migration returned with success=true, statusCode=1
02-19 22:04:18.041 D/PermissionMonitor(  774): setLocalNetworkPermissions in onPermissionsChanged took 6 microseconds.
02-19 22:04:18.042 D/PermissionMonitor(  774): setLocalNetworkPermissions in onPermissionsChanged took 2 microseconds.
02-19 22:04:18.042 D/PermissionMonitor(  774): setLocalNetworkPermissions in onPermissionsChanged took 0 microseconds.
02-19 22:04:18.042 D/PermissionMonitor(  774): setLocalNetworkPermissions in onPermissionsChanged took 2 microseconds.
02-19 22:04:18.077 D/PermissionMonitor(  774): setLocalNetworkPermissions in onPermissionsChanged took 4 microseconds.
02-19 22:04:18.080 D/WifiConfigManager(  774): Enable disabled network: "AndroidWifi" num=0
02-19 22:04:18.095 D/PermissionMonitor(  774): setLocalNetworkPermissions in onPermissionsChanged took 6 microseconds.
02-19 22:04:18.095 D/PermissionMonitor(  774): setLocalNetworkPermissions in onPermissionsChanged took 5 microseconds.
02-19 22:04:18.095 D/PermissionMonitor(  774): setLocalNetworkPermissions in onPermissionsChanged took 1 microseconds.
02-19 22:04:18.095 D/PermissionMonitor(  774): setLocalNetworkPermissions in onPermissionsChanged took 0 microseconds.
02-19 22:04:18.095 D/PermissionMonitor(  774): setLocalNetworkPermissions in onPermissionsChanged took 1 microseconds.
02-19 22:04:18.096 D/PermissionMonitor(  774): setLocalNetworkPermissions in onPermissionsChanged took 0 microseconds.
02-19 22:04:18.096 D/PermissionMonitor(  774): setLocalNetworkPermissions in onPermissionsChanged took 1 microseconds.
02-19 22:04:18.096 D/PermissionMonitor(  774): setLocalNetworkPermissions in onPermissionsChanged took 1 microseconds.
02-19 22:04:18.097 D/PermissionMonitor(  774): setLocalNetworkPermissions in onPermissionsChanged took 8 microseconds.
02-19 22:04:18.097 D/PermissionMonitor(  774): setLocalNetworkPermissions in onPermissionsChanged took 1 microseconds.
02-19 22:04:18.133 D/PermissionMonitor(  774): setLocalNetworkPermissions in onPermissionsChanged took 5 microseconds.
02-19 22:04:18.136 D/PermissionMonitor(  774): setLocalNetworkPermissions in onPermissionsChanged took 4 microseconds.
02-19 22:04:18.138 D/PermissionMonitor(  774): setLocalNetworkPermissions in onPermissionsChanged took 7 microseconds.
02-19 22:04:18.144 D/PermissionMonitor(  774): setLocalNetworkPermissions in onPermissionsChanged took 4 microseconds.
02-19 22:04:18.145 D/PermissionMonitor(  774): setLocalNetworkPermissions in onPermissionsChanged took 312 microseconds.
02-19 22:04:18.145 D/PermissionMonitor(  774): setLocalNetworkPermissions in onPermissionsChanged took 2 microseconds.
02-19 22:04:18.145 D/PermissionMonitor(  774): setLocalNetworkPermissions in onPermissionsChanged took 1 microseconds.
02-19 22:04:18.148 D/PermissionMonitor(  774): setLocalNetworkPermissions in onPermissionsChanged took 5 microseconds.
02-19 22:04:18.148 D/PermissionMonitor(  774): setLocalNetworkPermissions in onPermissionsChanged took 2 microseconds.
02-19 22:04:18.148 D/PermissionMonitor(  774): setLocalNetworkPermissions in onPermissionsChanged took 1 microseconds.
02-19 22:04:18.149 D/PermissionMonitor(  774): setLocalNetworkPermissions in onPermissionsChanged took 1 microseconds.
02-19 22:04:18.149 D/PermissionMonitor(  774): setLocalNetworkPermissions in onPermissionsChanged took 1 microseconds.
02-19 22:04:18.149 D/PermissionMonitor(  774): setLocalNetworkPermissions in onPermissionsChanged took 1 microseconds.
02-19 22:04:18.149 D/PermissionMonitor(  774): setLocalNetworkPermissions in onPermissionsChanged took 1 microseconds.
02-19 22:04:18.149 D/PermissionMonitor(  774): setLocalNetworkPermissions in onPermissionsChanged took 1 microseconds.
02-19 22:04:18.149 D/PermissionMonitor(  774): setLocalNetworkPermissions in onPermissionsChanged took 1 microseconds.
02-19 22:04:18.150 D/PermissionMonitor(  774): setLocalNetworkPermissions in onPermissionsChanged took 1 microseconds.
02-19 22:04:18.150 D/PermissionMonitor(  774): setLocalNetworkPermissions in onPermissionsChanged took 3 microseconds.
02-19 22:04:18.150 D/PermissionMonitor(  774): setLocalNetworkPermissions in onPermissionsChanged took 2 microseconds.
02-19 22:04:18.151 D/PermissionMonitor(  774): setLocalNetworkPermissions in onPermissionsChanged took 2 microseconds.
02-19 22:04:18.151 D/PermissionMonitor(  774): setLocalNetworkPermissions in onPermissionsChanged took 1 microseconds.
02-19 22:04:18.151 D/PermissionMonitor(  774): setLocalNetworkPermissions in onPermissionsChanged took 1 microseconds.
02-19 22:04:18.151 D/PermissionMonitor(  774): setLocalNetworkPermissions in onPermissionsChanged took 1 microseconds.
02-19 22:04:18.152 D/PermissionMonitor(  774): setLocalNetworkPermissions in onPermissionsChanged took 3 microseconds.
02-19 22:04:18.152 D/PermissionMonitor(  774): setLocalNetworkPermissions in onPermissionsChanged took 1 microseconds.
02-19 22:04:18.152 D/PermissionMonitor(  774): setLocalNetworkPermissions in onPermissionsChanged took 1 microseconds.
02-19 22:04:18.188 D/PermissionMonitor(  774): setLocalNetworkPermissions in onPermissionsChanged took 5 microseconds.
02-19 22:04:18.188 D/PermissionMonitor(  774): setLocalNetworkPermissions in onPermissionsChanged took 2 microseconds.
02-19 22:04:18.188 D/PermissionMonitor(  774): setLocalNetworkPermissions in onPermissionsChanged took 0 microseconds.
02-19 22:04:18.189 D/PermissionMonitor(  774): setLocalNetworkPermissions in onPermissionsChanged took 4 microseconds.
02-19 22:04:18.189 D/PermissionMonitor(  774): setLocalNetworkPermissions in onPermissionsChanged took 3 microseconds.
02-19 22:04:18.189 D/PermissionMonitor(  774): setLocalNetworkPermissions in onPermissionsChanged took 0 microseconds.
02-19 22:04:18.189 D/PermissionMonitor(  774): setLocalNetworkPermissions in onPermissionsChanged took 3 microseconds.
02-19 22:04:18.189 D/PermissionMonitor(  774): setLocalNetworkPermissions in onPermissionsChanged took 1 microseconds.
02-19 22:04:18.190 D/PermissionMonitor(  774): setLocalNetworkPermissions in onPermissionsChanged took 1 microseconds.
02-19 22:04:18.190 D/PermissionMonitor(  774): setLocalNetworkPermissions in onPermissionsChanged took 2 microseconds.
02-19 22:04:18.190 D/PermissionMonitor(  774): setLocalNetworkPermissions in onPermissionsChanged took 2 microseconds.
02-19 22:04:18.191 D/PermissionMonitor(  774): setLocalNetworkPermissions in onPermissionsChanged took 2 microseconds.
02-19 22:04:18.191 D/PermissionMonitor(  774): setLocalNetworkPermissions in onPermissionsChanged took 0 microseconds.
02-19 22:04:18.191 D/PermissionMonitor(  774): setLocalNetworkPermissions in onPermissionsChanged took 0 microseconds.
02-19 22:04:18.192 D/PermissionMonitor(  774): setLocalNetworkPermissions in onPermissionsChanged took 8 microseconds.
02-19 22:04:18.192 D/PermissionMonitor(  774): setLocalNetworkPermissions in onPermissionsChanged took 1 microseconds.
02-19 22:04:18.192 D/PermissionMonitor(  774): setLocalNetworkPermissions in onPermissionsChanged took 0 microseconds.
02-19 22:04:18.192 D/PermissionMonitor(  774): setLocalNetworkPermissions in onPermissionsChanged took 0 microseconds.
02-19 22:04:18.195 D/PermissionMonitor(  774): setLocalNetworkPermissions in onPermissionsChanged took 5 microseconds.
02-19 22:04:18.195 D/PermissionMonitor(  774): setLocalNetworkPermissions in onPermissionsChanged took 4 microseconds.
02-19 22:04:18.195 D/PermissionMonitor(  774): setLocalNetworkPermissions in onPermissionsChanged took 2 microseconds.
02-19 22:04:18.195 D/PermissionMonitor(  774): setLocalNetworkPermissions in onPermissionsChanged took 0 microseconds.
02-19 22:04:18.195 D/PermissionMonitor(  774): setLocalNetworkPermissions in onPermissionsChanged took 190 microseconds.
02-19 22:04:18.196 D/PermissionMonitor(  774): setLocalNetworkPermissions in onPermissionsChanged took 1 microseconds.
02-19 22:04:18.196 D/PermissionMonitor(  774): setLocalNetworkPermissions in onPermissionsChanged took 23 microseconds.
02-19 22:04:18.196 D/PermissionMonitor(  774): setLocalNetworkPermissions in onPermissionsChanged took 6 microseconds.
02-19 22:04:18.197 D/PermissionMonitor(  774): setLocalNetworkPermissions in onPermissionsChanged took 1 microseconds.
02-19 22:04:18.197 D/PermissionMonitor(  774): setLocalNetworkPermissions in onPermissionsChanged took 0 microseconds.
02-19 22:04:18.197 D/PermissionMonitor(  774): setLocalNetworkPermissions in onPermissionsChanged took 1 microseconds.
02-19 22:04:18.197 D/PermissionMonitor(  774): setLocalNetworkPermissions in onPermissionsChanged took 0 microseconds.
02-19 22:04:18.197 D/PermissionMonitor(  774): setLocalNetworkPermissions in onPermissionsChanged took 0 microseconds.
02-19 22:04:18.197 D/PermissionMonitor(  774): setLocalNetworkPermissions in onPermissionsChanged took 1 microseconds.
02-19 22:04:18.197 D/PermissionMonitor(  774): setLocalNetworkPermissions in onPermissionsChanged took 1 microseconds.
02-19 22:04:18.197 D/PermissionMonitor(  774): setLocalNetworkPermissions in onPermissionsChanged took 0 microseconds.
02-19 22:04:18.197 D/PermissionMonitor(  774): setLocalNetworkPermissions in onPermissionsChanged took 0 microseconds.
02-19 22:04:18.197 D/PermissionMonitor(  774): setLocalNetworkPermissions in onPermissionsChanged took 0 microseconds.
02-19 22:04:18.197 D/PermissionMonitor(  774): setLocalNetworkPermissions in onPermissionsChanged took 1 microseconds.
02-19 22:04:18.197 D/PermissionMonitor(  774): setLocalNetworkPermissions in onPermissionsChanged took 0 microseconds.
02-19 22:04:18.197 D/PermissionMonitor(  774): setLocalNetworkPermissions in onPermissionsChanged took 0 microseconds.
02-19 22:04:18.197 D/PermissionMonitor(  774): setLocalNetworkPermissions in onPermissionsChanged took 0 microseconds.
02-19 22:04:18.197 D/PermissionMonitor(  774): setLocalNetworkPermissions in onPermissionsChanged took 1 microseconds.
02-19 22:04:18.198 D/PermissionMonitor(  774): setLocalNetworkPermissions in onPermissionsChanged took 1 microseconds.
02-19 22:04:18.198 D/PermissionMonitor(  774): setLocalNetworkPermissions in onPermissionsChanged took 0 microseconds.
02-19 22:04:18.198 D/PermissionMonitor(  774): setLocalNetworkPermissions in onPermissionsChanged took 0 microseconds.
02-19 22:04:18.198 D/PermissionMonitor(  774): setLocalNetworkPermissions in onPermissionsChanged took 2 microseconds.
02-19 22:04:18.198 D/PermissionMonitor(  774): setLocalNetworkPermissions in onPermissionsChanged took 0 microseconds.
02-19 22:04:18.198 D/PermissionMonitor(  774): setLocalNetworkPermissions in onPermissionsChanged took 0 microseconds.
02-19 22:04:18.198 D/PermissionMonitor(  774): setLocalNetworkPermissions in onPermissionsChanged took 3 microseconds.
02-19 22:04:18.199 D/PermissionMonitor(  774): setLocalNetworkPermissions in onPermissionsChanged took 2 microseconds.
02-19 22:04:18.199 D/PermissionMonitor(  774): setLocalNetworkPermissions in onPermissionsChanged took 0 microseconds.
02-19 22:04:18.199 D/PermissionMonitor(  774): setLocalNetworkPermissions in onPermissionsChanged took 1 microseconds.
02-19 22:04:18.199 D/PermissionMonitor(  774): setLocalNetworkPermissions in onPermissionsChanged took 2 microseconds.
02-19 22:04:18.199 D/PermissionMonitor(  774): setLocalNetworkPermissions in onPermissionsChanged took 0 microseconds.
02-19 22:04:18.199 D/PermissionMonitor(  774): setLocalNetworkPermissions in onPermissionsChanged took 143 microseconds.
02-19 22:04:18.199 D/PermissionMonitor(  774): setLocalNetworkPermissions in onPermissionsChanged took 1 microseconds.
02-19 22:04:18.199 D/PermissionMonitor(  774): setLocalNetworkPermissions in onPermissionsChanged took 0 microseconds.
02-19 22:04:18.199 D/PermissionMonitor(  774): setLocalNetworkPermissions in onPermissionsChanged took 0 microseconds.
02-19 22:04:18.199 D/PermissionMonitor(  774): setLocalNetworkPermissions in onPermissionsChanged took 0 microseconds.
02-19 22:04:18.200 D/PermissionMonitor(  774): setLocalNetworkPermissions in onPermissionsChanged took 70 microseconds.
02-19 22:04:18.200 D/PermissionMonitor(  774): setLocalNetworkPermissions in onPermissionsChanged took 1 microseconds.
02-19 22:04:18.200 D/PermissionMonitor(  774): setLocalNetworkPermissions in onPermissionsChanged took 0 microseconds.
02-19 22:04:18.200 D/PermissionMonitor(  774): setLocalNetworkPermissions in onPermissionsChanged took 1 microseconds.
02-19 22:04:18.200 D/PermissionMonitor(  774): setLocalNetworkPermissions in onPermissionsChanged took 0 microseconds.
02-19 22:04:18.200 D/PermissionMonitor(  774): setLocalNetworkPermissions in onPermissionsChanged took 0 microseconds.
02-19 22:04:18.200 D/PermissionMonitor(  774): setLocalNetworkPermissions in onPermissionsChanged took 1 microseconds.
02-19 22:04:18.200 D/PermissionMonitor(  774): setLocalNetworkPermissions in onPermissionsChanged took 0 microseconds.
02-19 22:04:18.200 D/PermissionMonitor(  774): setLocalNetworkPermissions in onPermissionsChanged took 0 microseconds.
02-19 22:04:18.200 D/PermissionMonitor(  774): setLocalNetworkPermissions in onPermissionsChanged took 2 microseconds.
02-19 22:04:18.201 D/PermissionMonitor(  774): setLocalNetworkPermissions in onPermissionsChanged took 1 microseconds.
02-19 22:04:18.201 D/PermissionMonitor(  774): setLocalNetworkPermissions in onPermissionsChanged took 1 microseconds.
02-19 22:04:18.202 D/WifiClientModeImpl[168886:wlan0](  774): connectToUserSelectNetwork netId 0, uid 10189, package com.google.android.googlesdksetup, forceReconnect = false, isUserSelected = false, attributionTag = null
02-19 22:04:18.216 D/WifiScoreReport(  774): setShouldReduceNetworkScore=false mNetworkAgent is null? true
02-19 22:04:18.236 W/libbinder.Binder(  774): Binder transaction to android.net.wifi.IWifiManager code 26 took 3664ms. Data bytes: 156 Reply bytes: 8 Flags: 18
02-19 22:04:18.240 W/TrustManagerService(  774): EXTRA_USER_HANDLE missing or invalid, value=0
02-19 22:04:18.248 D/PermissionMonitor(  774): setLocalNetworkPermissions in onPermissionsChanged took 6 microseconds.
02-19 22:04:18.248 D/PermissionMonitor(  774): setLocalNetworkPermissions in onPermissionsChanged took 1 microseconds.
02-19 22:04:18.250 D/PermissionMonitor(  774): setLocalNetworkPermissions in onPermissionsChanged took 12 microseconds.
02-19 22:04:18.251 D/PermissionMonitor(  774): setLocalNetworkPermissions in onPermissionsChanged took 3 microseconds.
02-19 22:04:18.251 D/PermissionMonitor(  774): setLocalNetworkPermissions in onPermissionsChanged took 229 microseconds.
02-19 22:04:18.252 D/PermissionMonitor(  774): setLocalNetworkPermissions in onPermissionsChanged took 5 microseconds.
02-19 22:04:18.252 D/PermissionMonitor(  774): setLocalNetworkPermissions in onPermissionsChanged took 1 microseconds.
02-19 22:04:18.252 D/PermissionMonitor(  774): setLocalNetworkPermissions in onPermissionsChanged took 1 microseconds.
02-19 22:04:18.252 D/PermissionMonitor(  774): setLocalNetworkPermissions in onPermissionsChanged took 0 microseconds.
02-19 22:04:18.252 D/PermissionMonitor(  774): setLocalNetworkPermissions in onPermissionsChanged took 0 microseconds.
02-19 22:04:18.252 D/PermissionMonitor(  774): setLocalNetworkPermissions in onPermissionsChanged took 0 microseconds.
02-19 22:04:18.254 D/PermissionMonitor(  774): setLocalNetworkPermissions in onPermissionsChanged took 1 microseconds.
02-19 22:04:18.255 D/PermissionMonitor(  774): setLocalNetworkPermissions in onPermissionsChanged took 4 microseconds.
02-19 22:04:18.255 D/PermissionMonitor(  774): setLocalNetworkPermissions in onPermissionsChanged took 0 microseconds.
02-19 22:04:18.271 D/PermissionMonitor(  774): setLocalNetworkPermissions in onPermissionsChanged took 6 microseconds.
02-19 22:04:18.271 D/PermissionMonitor(  774): setLocalNetworkPermissions in onPermissionsChanged took 2 microseconds.
02-19 22:04:18.271 D/PermissionMonitor(  774): setLocalNetworkPermissions in onPermissionsChanged took 1 microseconds.
02-19 22:04:18.271 D/PermissionMonitor(  774): setLocalNetworkPermissions in onPermissionsChanged took 0 microseconds.
02-19 22:04:18.271 D/PermissionMonitor(  774): setLocalNetworkPermissions in onPermissionsChanged took 2 microseconds.
02-19 22:04:18.272 D/PermissionMonitor(  774): setLocalNetworkPermissions in onPermissionsChanged took 1 microseconds.
02-19 22:04:18.272 D/PermissionMonitor(  774): setLocalNetworkPermissions in onPermissionsChanged took 1 microseconds.
02-19 22:04:18.272 D/PermissionMonitor(  774): setLocalNetworkPermissions in onPermissionsChanged took 0 microseconds.
02-19 22:04:18.272 D/PermissionMonitor(  774): setLocalNetworkPermissions in onPermissionsChanged took 1 microseconds.
02-19 22:04:18.272 D/PermissionMonitor(  774): setLocalNetworkPermissions in onPermissionsChanged took 0 microseconds.
02-19 22:04:18.272 D/PermissionMonitor(  774): setLocalNetworkPermissions in onPermissionsChanged took 0 microseconds.
02-19 22:04:18.272 D/PermissionMonitor(  774): setLocalNetworkPermissions in onPermissionsChanged took 0 microseconds.
02-19 22:04:18.272 D/PermissionMonitor(  774): setLocalNetworkPermissions in onPermissionsChanged took 1 microseconds.
02-19 22:04:18.272 D/PermissionMonitor(  774): setLocalNetworkPermissions in onPermissionsChanged took 0 microseconds.
02-19 22:04:18.272 D/PermissionMonitor(  774): setLocalNetworkPermissions in onPermissionsChanged took 0 microseconds.
02-19 22:04:18.272 D/PermissionMonitor(  774): setLocalNetworkPermissions in onPermissionsChanged took 0 microseconds.
02-19 22:04:18.273 D/PermissionMonitor(  774): setLocalNetworkPermissions in onPermissionsChanged took 130 microseconds.
02-19 22:04:18.273 D/PermissionMonitor(  774): setLocalNetworkPermissions in onPermissionsChanged took 1 microseconds.
02-19 22:04:18.273 D/PermissionMonitor(  774): setLocalNetworkPermissions in onPermissionsChanged took 15 microseconds.
02-19 22:04:18.273 D/PermissionMonitor(  774): setLocalNetworkPermissions in onPermissionsChanged took 1 microseconds.
02-19 22:04:18.273 D/PermissionMonitor(  774): setLocalNetworkPermissions in onPermissionsChanged took 3 microseconds.
02-19 22:04:18.273 D/PermissionMonitor(  774): setLocalNetworkPermissions in onPermissionsChanged took 0 microseconds.
02-19 22:04:18.273 D/PermissionMonitor(  774): setLocalNetworkPermissions in onPermissionsChanged took 1 microseconds.
02-19 22:04:18.273 D/PermissionMonitor(  774): setLocalNetworkPermissions in onPermissionsChanged took 0 microseconds.
02-19 22:04:18.273 D/PermissionMonitor(  774): setLocalNetworkPermissions in onPermissionsChanged took 0 microseconds.
02-19 22:04:18.273 D/PermissionMonitor(  774): setLocalNetworkPermissions in onPermissionsChanged took 2 microseconds.
02-19 22:04:18.274 D/PermissionMonitor(  774): setLocalNetworkPermissions in onPermissionsChanged took 4 microseconds.
02-19 22:04:18.278 D/PermissionMonitor(  774): setLocalNetworkPermissions in onPermissionsChanged took 5 microseconds.
02-19 22:04:18.286 D/PermissionMonitor(  774): setLocalNetworkPermissions in onPermissionsChanged took 5 microseconds.
02-19 22:04:18.286 D/PermissionMonitor(  774): setLocalNetworkPermissions in onPermissionsChanged took 1 microseconds.
02-19 22:04:18.287 D/PermissionMonitor(  774): setLocalNetworkPermissions in onPermissionsChanged took 467 microseconds.
02-19 22:04:18.287 D/PermissionMonitor(  774): setLocalNetworkPermissions in onPermissionsChanged took 2 microseconds.
